// Jest Snapshot v1, https://goo.gl/fbAQLP

exports[`it returns all countries 1`] = `
Array [
  <div
    className="map container"
  >
    <div
      className="row"
    >
      <div
        className="col-6"
      >
        <div
          className="africa-image"
        >
          <img
            alt="africa map"
            src="countries.png"
          />
        </div>
      </div>
      <div
        className="righ-map-column col-6"
        style={
          Object {
            "color": "white",
            "zIndex": "1",
          }
        }
      >
        <h3
          style={
            Object {
              "paddingTop": "40px",
            }
          }
        >
          AFRICA POPULATION
        </h3>
      </div>
    </div>
  </div>,
  <div
    className="grid-container container"
  />,
]
`;
